2026-03-03T15:08:56.299 SESSION START reason=AB/CRASH delimiter
2026-03-03T15:08:56.299 FORCE RECONNECT reason=AB/CRASH sent
2026-03-03T15:08:56.299 RX AB OK forcing crash via nullptr dereference
2026-03-03T15:08:56.299 SERIAL RECONNECT requested
2026-03-03T15:08:56.302 SERIAL CONNECTED port=COM27 baud=115200
2026-03-03T15:09:04.320 SERIAL READ ERROR reason=ClearCommError failed (PermissionError(13, 'The device does not recognize the command.', None, 22))
2026-03-03T15:09:05.324 SERIAL CONNECTED port=COM27 baud=115200
2026-03-03T15:09:07.340 RX === Previous Crash Report ===
2026-03-03T15:09:07.351 RX CrashReport:
2026-03-03T15:09:07.351 RX A problem occurred at (system time) 2:40:10
2026-03-03T15:09:07.352 RX Code was executing from address 0x3A2
2026-03-03T15:09:07.353 RX CFSR: 82
2026-03-03T15:09:07.353 RX (DACCVIOL) Data Access Violation
2026-03-03T15:09:07.354 RX (MMARVALID) Accessed Address: 0x0 (nullptr)
2026-03-03T15:09:07.355 RX Check code at 0x3A2 - very likely a bug!
2026-03-03T15:09:07.357 RX Run "addr2line -e mysketch.ino.elf 0x3A2" for filename & line number.
2026-03-03T15:09:07.357 RX Temperature inside the chip was 44.48 °C
2026-03-03T15:09:07.358 RX Startup CPU clock speed is 600MHz
2026-03-03T15:09:07.359 RX Reboot was caused by auto reboot after fault or bad interrupt detected
2026-03-03T15:09:07.359 RX === End Crash Report ===
2026-03-03T15:09:07.359 RX DL reporters pre-init: 3
2026-03-03T15:09:07.655 RX LOG/3.226 [INFO]: Initializing Astra version 0.2-f474dbf
2026-03-03T15:09:07.666 TELEM HEADER Time - Seconds,DPS368 - Pres (hPa),DPS368 - Temp (C),DPS368 - Alt ASL (m),MotorDriver - Motor Position,MotorDriver - Motor Angle,MotorDriver - Motor Velocity,MotorDriver - Battery Voltage
2026-03-03T15:09:07.999 RX LOG/3.568 [INFO]: Added misc sensor 'BMI088' at index 0.
2026-03-03T15:09:08.001 RX LOG/3.571 [INFO]: Added misc sensor 'MotorDriver' at index 1.
2026-03-03T15:09:08.006 RX LOG/3.576 [INFO]: SensorManager populated with 4 primary sensors and 2 misc sensors.
2026-03-03T15:09:08.013 RX LOG/3.584 [INFO]: Accelerometer (BMI088) initialized successfully.
2026-03-03T15:09:08.022 RX LOG/3.593 [INFO]: Gyroscope (BMI088) initialized successfully.
2026-03-03T15:09:08.056 RX LOG/3.598 [INFO]: Magnetometer (LIS3MDL) initialized successfully.
2026-03-03T15:09:08.311 RX LOG/3.881 [INFO]: Barometer (DPS368) initialized successfully.
2026-03-03T15:09:08.314 RX LOG/3.885 [WARNING]: No GPS sensor defined.
2026-03-03T15:09:08.318 RX LOG/3.889 [INFO]: Initializing 2 miscellaneous sensors...
2026-03-03T15:09:08.763 RX LOG/4.331 [INFO]: Misc sensor [0] (BMI088) initialized.
2026-03-03T15:09:08.768 RX LOG/4.338 [INFO]: Initializing Motor Driver...
2026-03-03T15:09:09.021 RX LOG/4.590 [INFO]: Waiting for ODrive...
2026-03-03T15:09:09.025 RX LOG/4.595 [INFO]: found ODrive
2026-03-03T15:09:09.029 RX LOG/4.599 [INFO]: ODrive Voltage: 22.66
2026-03-03T15:09:09.032 RX LOG/4.601 [INFO]: Enabling closed loop control...
2026-03-03T15:09:09.136 RX LOG/4.707 [INFO]: ODrive running!
2026-03-03T15:09:09.157 RX LOG/4.728 [INFO]: ODrive vel_limit (turn/s): 100.00
2026-03-03T15:09:09.160 RX LOG/4.731 [INFO]: Misc sensor [1] (MotorDriver) initialized.
2026-03-03T15:09:09.164 RX LOG/4.736 [INFO]: All sensors initialized successfully.
2026-03-03T15:09:09.180 RX LOG/4.751 [INFO]: DefaultKalmanFilter initialized with 6-state position/velocity model
2026-03-03T15:09:09.185 RX LOG/4.757 [INFO]: State initialized. Ready for data.
2026-03-03T15:09:09.189 RX LOG/4.761 [INFO]: Baro origin set to -1577.12 m ASL
2026-03-03T15:09:09.198 RX LOG/4.768 [INFO]: Astra initialized successfully.
2026-03-03T15:09:09.200 RX LOG/4.771 [ERROR]: ASTRA FAILED TO INIT
2026-03-03T15:09:09.203 RX DL reporters post-init: 3 (available=1)
2026-03-03T15:09:09.204 RX LOG/4.774 [INFO]: Enabling motor...
2026-03-03T15:09:09.206 RX LOG/4.777 [INFO]: Zeroing motor...
2026-03-03T15:09:31.932 RX LOG/27.503 [INFO]: Motor zeroed successfully.
2026-03-03T15:09:31.935 RX LOG/27.506 [INFO]: Disabling motor...
2026-03-03T15:09:31.941 RX AB commands enabled: AB/ANGLE <deg>, AB/SWEEP <seconds>, AB/SWEEP_STOP, AB/CRASH
2026-03-03T15:09:31.963 RX LOG/27.535 [WARNING]: Accel 'BMI088' became unhealthy: stuck readings detected
2026-03-03T15:09:31.969 RX LOG/27.540 [WARNING]: Gyro 'BMI088' became unhealthy: stuck readings detected
2026-03-03T15:09:33.399 RX LOG/28.971 [INFO]: Baro 'DPS368' recovered: readings varying normally
2026-03-03T15:09:39.331 TX AB/SWEEP 1
2026-03-03T15:09:39.333 RX LOG/34.904 [INFO]: Enabling motor...
2026-03-03T15:09:39.335 RX AB OK sweep_started step=5.0 max=80.0 dwell_s=1.000
2026-03-03T15:09:40.332 RX AB SWEEP angle=5.00 pos=4.0649
2026-03-03T15:09:41.338 RX AB SWEEP angle=10.00 pos=5.9808
2026-03-03T15:09:42.354 RX AB SWEEP angle=15.00 pos=7.6949
2026-03-03T15:09:43.332 RX AB SWEEP angle=20.00 pos=9.2544
2026-03-03T15:09:44.332 RX AB SWEEP angle=25.00 pos=10.7063
2026-03-03T15:09:45.333 RX AB SWEEP angle=30.00 pos=12.0976
2026-03-03T15:09:46.333 RX AB SWEEP angle=35.00 pos=13.4755
2026-03-03T15:09:47.336 RX AB SWEEP angle=40.00 pos=14.8872
2026-03-03T15:09:48.337 RX AB SWEEP angle=45.00 pos=16.3797
2026-03-03T15:09:49.336 RX AB SWEEP angle=50.00 pos=18.0000
2026-03-03T15:09:50.341 RX AB SWEEP angle=55.00 pos=19.7953
2026-03-03T15:09:51.358 RX AB SWEEP angle=60.00 pos=21.8128
2026-03-03T15:09:52.337 RX AB SWEEP angle=65.00 pos=24.0994
2026-03-03T15:09:53.338 RX AB SWEEP angle=70.00 pos=26.7024
2026-03-03T15:09:54.337 RX AB SWEEP angle=75.00 pos=29.6687
2026-03-03T15:09:55.336 RX AB SWEEP angle=80.00 pos=33.0456
2026-03-03T15:09:55.338 RX AB OK sweep_complete
2026-03-03T15:09:59.933 TX AB/ANGLE 0
2026-03-03T15:09:59.936 RX AB OK angle=0.00 pos=0.0000 sweep_stopped=0
2026-03-03T15:10:06.039 TX AB/SWEEP 0.5
2026-03-03T15:10:06.042 RX AB OK sweep_started step=5.0 max=80.0 dwell_s=0.500
2026-03-03T15:10:06.540 RX AB SWEEP angle=5.00 pos=4.0649
2026-03-03T15:10:07.040 RX AB SWEEP angle=10.00 pos=5.9808
2026-03-03T15:10:07.553 RX AB SWEEP angle=15.00 pos=7.6949
2026-03-03T15:10:08.039 RX AB SWEEP angle=20.00 pos=9.2544
2026-03-03T15:10:08.540 RX AB SWEEP angle=25.00 pos=10.7063
2026-03-03T15:10:09.040 RX AB SWEEP angle=30.00 pos=12.0976
2026-03-03T15:10:09.541 RX AB SWEEP angle=35.00 pos=13.4755
2026-03-03T15:10:10.039 RX AB SWEEP angle=40.00 pos=14.8872
2026-03-03T15:10:10.542 RX AB SWEEP angle=45.00 pos=16.3797
2026-03-03T15:10:11.039 RX AB SWEEP angle=50.00 pos=18.0000
2026-03-03T15:10:11.542 RX AB SWEEP angle=55.00 pos=19.7953
2026-03-03T15:10:12.039 RX AB SWEEP angle=60.00 pos=21.8128
2026-03-03T15:10:12.540 RX AB SWEEP angle=65.00 pos=24.0994
2026-03-03T15:10:13.048 RX AB SWEEP angle=70.00 pos=26.7024
2026-03-03T15:10:13.539 RX AB SWEEP angle=75.00 pos=29.6687
2026-03-03T15:10:14.040 RX AB SWEEP angle=80.00 pos=33.0456
2026-03-03T15:10:14.040 RX AB OK sweep_complete
2026-03-03T15:10:14.219 RX LOG/69.789 [WARNING]: Bottom limit switch pressed, stopping motor at position 32.87 (79.73 deg)
2026-03-03T15:10:15.738 TX AB/ANGLE 0
2026-03-03T15:10:15.739 RX AB OK angle=0.00 pos=0.0000 sweep_stopped=0
2026-03-03T15:10:18.881 TX AB/ANGLE 80
2026-03-03T15:10:18.884 RX AB OK angle=80.00 pos=33.0456 sweep_stopped=0
2026-03-03T15:10:22.783 TX AB/ANGLE 0
2026-03-03T15:10:22.786 RX AB OK angle=0.00 pos=0.0000 sweep_stopped=0
2026-03-03T15:10:25.821 TX AB/ANGLE 80
2026-03-03T15:10:25.824 RX AB OK angle=80.00 pos=33.0456 sweep_stopped=0
2026-03-03T15:10:27.845 TX AB/ANGLE 0
2026-03-03T15:10:27.846 RX AB OK angle=0.00 pos=0.0000 sweep_stopped=0
2026-03-03T15:10:31.449 TX AB/ANGLE 80
2026-03-03T15:10:31.450 RX AB OK angle=80.00 pos=33.0456 sweep_stopped=0
2026-03-03T15:10:33.709 TX AB/ANGLE 0
2026-03-03T15:10:33.711 RX AB OK angle=0.00 pos=0.0000 sweep_stopped=0
2026-03-03T15:10:36.368 TX AB/ANGLE 80
2026-03-03T15:10:36.369 RX AB OK angle=80.00 pos=33.0456 sweep_stopped=0
2026-03-03T15:10:38.904 TX AB/ANGLE 0
2026-03-03T15:10:38.907 RX AB OK angle=0.00 pos=0.0000 sweep_stopped=0
2026-03-03T15:10:41.040 TX AB/ANGLE 80
2026-03-03T15:10:41.063 RX AB OK angle=80.00 pos=33.0456 sweep_stopped=0
2026-03-03T15:10:42.984 TX AB/ANGLE 0
2026-03-03T15:10:42.986 RX AB OK angle=0.00 pos=0.0000 sweep_stopped=0
2026-03-03T15:10:45.636 TX AB/ANGLE 80
2026-03-03T15:10:45.638 RX AB OK angle=80.00 pos=33.0456 sweep_stopped=0
2026-03-03T15:10:48.539 TX AB/ANGLE 0
2026-03-03T15:10:48.543 RX AB OK angle=0.00 pos=0.0000 sweep_stopped=0
2026-03-03T15:10:50.815 TX AB/ANGLE 80
2026-03-03T15:10:50.818 RX AB OK angle=80.00 pos=33.0456 sweep_stopped=0
2026-03-03T15:10:52.931 TX AB/ANGLE 0
2026-03-03T15:10:52.945 RX AB OK angle=0.00 pos=0.0000 sweep_stopped=0
2026-03-03T15:10:54.994 TX AB/ANGLE 80
2026-03-03T15:10:55.011 RX AB OK angle=80.00 pos=33.0456 sweep_stopped=0
2026-03-03T15:10:57.384 TX AB/ANGLE 0
2026-03-03T15:10:57.388 RX AB OK angle=0.00 pos=0.0000 sweep_stopped=0
2026-03-03T15:10:59.382 TX AB/ANGLE 80
2026-03-03T15:10:59.385 RX AB OK angle=80.00 pos=33.0456 sweep_stopped=0
2026-03-03T15:11:01.634 TX AB/ANGLE 0
2026-03-03T15:11:01.637 RX AB OK angle=0.00 pos=0.0000 sweep_stopped=0
2026-03-03T15:11:03.846 TX AB/ANGLE 80
2026-03-03T15:11:03.849 RX AB OK angle=80.00 pos=33.0456 sweep_stopped=0
2026-03-03T15:11:05.912 TX AB/ANGLE 0
2026-03-03T15:11:05.915 RX AB OK angle=0.00 pos=0.0000 sweep_stopped=0
2026-03-03T15:11:08.120 TX AB/ANGLE 80
2026-03-03T15:11:08.121 RX AB OK angle=80.00 pos=33.0456 sweep_stopped=0
2026-03-03T15:11:10.037 TX AB/ANGLE 0
2026-03-03T15:11:10.040 RX AB OK angle=0.00 pos=0.0000 sweep_stopped=0
2026-03-03T15:11:15.703 TX AB/ANGLE 80
2026-03-03T15:11:15.705 RX AB OK angle=80.00 pos=33.0456 sweep_stopped=0
2026-03-03T15:11:17.320 TX AB/ANGLE 0
2026-03-03T15:11:17.321 RX AB OK angle=0.00 pos=0.0000 sweep_stopped=0
2026-03-03T15:11:26.138 TX AB/SWEEP 0.3
2026-03-03T15:11:26.139 RX AB OK sweep_started step=5.0 max=80.0 dwell_s=0.300
2026-03-03T15:11:26.453 RX AB SWEEP angle=5.00 pos=4.0649
2026-03-03T15:11:26.739 RX AB SWEEP angle=10.00 pos=5.9808
2026-03-03T15:11:27.040 RX AB SWEEP angle=15.00 pos=7.6949
2026-03-03T15:11:27.340 RX AB SWEEP angle=20.00 pos=9.2544
2026-03-03T15:11:27.639 RX AB SWEEP angle=25.00 pos=10.7063
2026-03-03T15:11:27.939 RX AB SWEEP angle=30.00 pos=12.0976
2026-03-03T15:11:28.239 RX AB SWEEP angle=35.00 pos=13.4755
2026-03-03T15:11:28.538 RX AB SWEEP angle=40.00 pos=14.8872
2026-03-03T15:11:28.839 RX AB SWEEP angle=45.00 pos=16.3797
2026-03-03T15:11:29.138 RX AB SWEEP angle=50.00 pos=18.0000
2026-03-03T15:11:29.439 RX AB SWEEP angle=55.00 pos=19.7953
2026-03-03T15:11:29.746 RX AB SWEEP angle=60.00 pos=21.8128
2026-03-03T15:11:30.038 RX AB SWEEP angle=65.00 pos=24.0994
2026-03-03T15:11:30.364 RX AB SWEEP angle=70.00 pos=26.7024
2026-03-03T15:11:30.640 RX AB SWEEP angle=75.00 pos=29.6687
2026-03-03T15:11:30.940 RX AB SWEEP angle=80.00 pos=33.0456
2026-03-03T15:11:30.941 RX AB OK sweep_complete
2026-03-03T15:11:32.711 TX AB/ANGLE 0
2026-03-03T15:11:32.712 RX AB OK angle=0.00 pos=0.0000 sweep_stopped=0
2026-03-03T15:11:35.507 TX AB/ANGLE 80
2026-03-03T15:11:35.508 RX AB OK angle=80.00 pos=33.0456 sweep_stopped=0
2026-03-03T15:11:38.607 TX AB/ANGLE 0
2026-03-03T15:11:38.608 RX AB OK angle=0.00 pos=0.0000 sweep_stopped=0
2026-03-03T15:11:40.943 TX AB/ANGLE 80
2026-03-03T15:11:40.953 RX AB OK angle=80.00 pos=33.0456 sweep_stopped=0
2026-03-03T15:11:44.411 TX AB/ANGLE 0
2026-03-03T15:11:44.412 RX AB OK angle=0.00 pos=0.0000 sweep_stopped=0
2026-03-03T15:11:44.951 RX LOG/160.523 [WARNING]: Top limit switch pressed, stopping motor at position 10.62 (24.73 deg)
2026-03-03T15:11:49.365 TX AB/ANGLE 80
2026-03-03T15:11:49.367 RX AB OK angle=80.00 pos=33.0456 sweep_stopped=0
2026-03-03T15:11:52.181 TX AB/ANGLE 0
2026-03-03T15:11:52.182 RX LOG/167.756 [WARNING]: Top limit switch pressed, not moving motor
2026-03-03T15:11:52.186 RX AB OK angle=0.00 pos=0.0000 sweep_stopped=0
2026-03-03T15:12:46.397 TX AB/ANGLE 80
2026-03-03T15:12:46.406 RX AB OK angle=80.00 pos=33.0456 sweep_stopped=0
2026-03-03T15:12:49.322 TX AB/ANGLE 0
2026-03-03T15:12:49.326 RX LOG/224.898 [WARNING]: Top limit switch pressed, not moving motor
2026-03-03T15:12:49.329 RX AB OK angle=0.00 pos=0.0000 sweep_stopped=0
