2026-03-03T14:49:39.303 SESSION START reason=AB/CRASH delimiter
2026-03-03T14:49:39.303 RX AB OK forcing crash via nullptr dereference
2026-03-03T14:49:39.303 FORCE RECONNECT reason=AB/CRASH sent
2026-03-03T14:49:39.303 SERIAL RECONNECT requested
2026-03-03T14:49:39.307 SERIAL CONNECTED port=COM27 baud=115200
2026-03-03T14:49:47.327 SERIAL READ ERROR reason=ClearCommError failed (PermissionError(13, 'The device does not recognize the command.', None, 22))
2026-03-03T14:49:48.330 SERIAL CONNECTED port=COM27 baud=115200
2026-03-03T14:49:50.346 RX === Previous Crash Report ===
2026-03-03T14:49:50.347 RX CrashReport:
2026-03-03T14:49:50.348 RX A problem occurred at (system time) 2:20:53
2026-03-03T14:49:50.349 RX Code was executing from address 0x3A2
2026-03-03T14:49:50.349 RX CFSR: 82
2026-03-03T14:49:50.350 RX (DACCVIOL) Data Access Violation
2026-03-03T14:49:50.351 RX (MMARVALID) Accessed Address: 0x0 (nullptr)
2026-03-03T14:49:50.352 RX Check code at 0x3A2 - very likely a bug!
2026-03-03T14:49:50.352 RX Run "addr2line -e mysketch.ino.elf 0x3A2" for filename & line number.
2026-03-03T14:49:50.353 RX Temperature inside the chip was 46.91 °C
2026-03-03T14:49:50.353 RX Startup CPU clock speed is 600MHz
2026-03-03T14:49:50.353 RX Reboot was caused by auto reboot after fault or bad interrupt detected
2026-03-03T14:49:50.354 RX === End Crash Report ===
2026-03-03T14:49:50.354 RX DL reporters pre-init: 3
2026-03-03T14:49:50.664 RX LOG/3.219 [INFO]: Initializing Astra version 0.2-f474dbf
2026-03-03T14:49:50.691 TELEM HEADER Time - Seconds,DPS368 - Pres (hPa),DPS368 - Temp (C),DPS368 - Alt ASL (m),MotorDriver - Motor Position,MotorDriver - Motor Angle,MotorDriver - Motor Velocity,MotorDriver - Battery Voltage
2026-03-03T14:49:50.996 RX LOG/3.558 [INFO]: Added misc sensor 'BMI088' at index 0.
2026-03-03T14:49:50.999 RX LOG/3.561 [INFO]: Added misc sensor 'MotorDriver' at index 1.
2026-03-03T14:49:51.004 RX LOG/3.566 [INFO]: SensorManager populated with 4 primary sensors and 2 misc sensors.
2026-03-03T14:49:51.011 RX LOG/3.574 [INFO]: Accelerometer (BMI088) initialized successfully.
2026-03-03T14:49:51.019 RX LOG/3.583 [INFO]: Gyroscope (BMI088) initialized successfully.
2026-03-03T14:49:51.025 RX LOG/3.588 [INFO]: Magnetometer (LIS3MDL) initialized successfully.
2026-03-03T14:49:51.308 RX LOG/3.872 [INFO]: Barometer (DPS368) initialized successfully.
2026-03-03T14:49:51.311 RX LOG/3.876 [WARNING]: No GPS sensor defined.
2026-03-03T14:49:51.315 RX LOG/3.879 [INFO]: Initializing 2 miscellaneous sensors...
2026-03-03T14:49:51.757 RX LOG/4.321 [INFO]: Misc sensor [0] (BMI088) initialized.
2026-03-03T14:49:51.764 RX LOG/4.328 [INFO]: Initializing Motor Driver...
2026-03-03T14:49:52.017 RX LOG/4.580 [INFO]: Waiting for ODrive...
2026-03-03T14:49:52.021 RX LOG/4.585 [INFO]: found ODrive
2026-03-03T14:49:52.026 RX LOG/4.589 [INFO]: ODrive Voltage: 22.71
2026-03-03T14:49:52.028 RX LOG/4.591 [INFO]: Enabling closed loop control...
2026-03-03T14:49:52.133 RX LOG/4.697 [INFO]: ODrive running!
2026-03-03T14:49:52.156 RX LOG/4.718 [INFO]: ODrive vel_limit (turn/s): 100.00
2026-03-03T14:49:52.158 RX LOG/4.722 [INFO]: Misc sensor [1] (MotorDriver) initialized.
2026-03-03T14:49:52.163 RX LOG/4.726 [INFO]: All sensors initialized successfully.
2026-03-03T14:49:52.177 RX LOG/4.741 [INFO]: DefaultKalmanFilter initialized with 6-state position/velocity model
2026-03-03T14:49:52.184 RX LOG/4.747 [INFO]: State initialized. Ready for data.
2026-03-03T14:49:52.188 RX LOG/4.751 [INFO]: Baro origin set to -1589.92 m ASL
2026-03-03T14:49:52.195 RX LOG/4.759 [INFO]: Astra initialized successfully.
2026-03-03T14:49:52.198 RX LOG/4.761 [ERROR]: ASTRA FAILED TO INIT
2026-03-03T14:49:52.200 RX DL reporters post-init: 3 (available=1)
2026-03-03T14:49:52.201 RX LOG/4.765 [INFO]: Enabling motor...
2026-03-03T14:49:52.203 RX LOG/4.768 [INFO]: Zeroing motor...
2026-03-03T14:50:22.216 RX LOG/34.779 [INFO]: Motor zeroed successfully.
2026-03-03T14:50:22.217 RX LOG/34.782 [INFO]: Disabling motor...
2026-03-03T14:50:22.225 RX AB commands enabled: AB/ANGLE <deg>, AB/SWEEP <seconds>, AB/SWEEP_STOP, AB/CRASH
2026-03-03T14:50:22.282 RX LOG/34.812 [WARNING]: Accel 'BMI088' became unhealthy: stuck readings detected
2026-03-03T14:50:22.289 RX LOG/34.817 [WARNING]: Gyro 'BMI088' became unhealthy: stuck readings detected
2026-03-03T14:50:23.722 RX LOG/36.260 [INFO]: Baro 'DPS368' recovered: readings varying normally
2026-03-03T14:52:17.073 TX AB/ANGLE 80
2026-03-03T14:52:17.074 RX LOG/149.641 [INFO]: Enabling motor...
2026-03-03T14:52:17.077 RX AB OK angle=80.00 pos=33.0456 sweep_stopped=0
2026-03-03T14:52:17.897 RX LOG/150.459 [WARNING]: Bottom limit switch pressed, stopping motor at position 32.79 (79.65 deg)
2026-03-03T14:52:33.293 TX AB/ANGLE 10
2026-03-03T14:52:33.295 RX AB OK angle=10.00 pos=5.9808 sweep_stopped=0
2026-03-03T14:52:38.952 TX AB/SWEEP 1
2026-03-03T14:52:38.953 RX AB OK sweep_started step=5.0 max=80.0 dwell_s=1.000
2026-03-03T14:52:39.952 RX AB SWEEP angle=5.00 pos=4.0649
2026-03-03T14:52:40.952 RX AB SWEEP angle=10.00 pos=5.9808
2026-03-03T14:52:41.956 RX AB SWEEP angle=15.00 pos=7.6949
2026-03-03T14:52:42.977 RX AB SWEEP angle=20.00 pos=9.2544
2026-03-03T14:52:43.952 RX AB SWEEP angle=25.00 pos=10.7063
2026-03-03T14:52:44.954 RX AB SWEEP angle=30.00 pos=12.0976
2026-03-03T14:52:45.952 RX AB SWEEP angle=35.00 pos=13.4755
2026-03-03T14:52:46.952 RX AB SWEEP angle=40.00 pos=14.8872
2026-03-03T14:52:47.952 RX AB SWEEP angle=45.00 pos=16.3797
2026-03-03T14:52:48.952 RX AB SWEEP angle=50.00 pos=18.0000
2026-03-03T14:52:49.963 RX AB SWEEP angle=55.00 pos=19.7953
2026-03-03T14:52:50.964 RX AB SWEEP angle=60.00 pos=21.8128
2026-03-03T14:52:51.952 RX AB SWEEP angle=65.00 pos=24.0994
2026-03-03T14:52:52.953 RX AB SWEEP angle=70.00 pos=26.7024
2026-03-03T14:52:53.952 RX AB SWEEP angle=75.00 pos=29.6687
2026-03-03T14:52:54.952 RX AB SWEEP angle=80.00 pos=33.0456
2026-03-03T14:52:54.953 RX AB OK sweep_complete
2026-03-03T14:52:55.147 RX LOG/187.714 [WARNING]: Bottom limit switch pressed, stopping motor at position 32.91 (79.80 deg)
2026-03-03T14:53:01.067 TX AB/SWEEP 0.5
2026-03-03T14:53:01.089 RX AB OK sweep_started step=5.0 max=80.0 dwell_s=0.500
2026-03-03T14:53:01.569 RX AB SWEEP angle=5.00 pos=4.0649
2026-03-03T14:53:02.069 RX AB SWEEP angle=10.00 pos=5.9808
2026-03-03T14:53:02.568 RX AB SWEEP angle=15.00 pos=7.6949
2026-03-03T14:53:03.069 RX AB SWEEP angle=20.00 pos=9.2544
2026-03-03T14:53:03.568 RX AB SWEEP angle=25.00 pos=10.7063
2026-03-03T14:53:04.069 RX AB SWEEP angle=30.00 pos=12.0976
2026-03-03T14:53:04.584 RX AB SWEEP angle=35.00 pos=13.4755
2026-03-03T14:53:05.070 RX AB SWEEP angle=40.00 pos=14.8872
2026-03-03T14:53:05.570 RX AB SWEEP angle=45.00 pos=16.3797
2026-03-03T14:53:06.070 RX AB SWEEP angle=50.00 pos=18.0000
2026-03-03T14:53:06.569 RX AB SWEEP angle=55.00 pos=19.7953
2026-03-03T14:53:07.068 RX AB SWEEP angle=60.00 pos=21.8128
2026-03-03T14:53:07.569 RX AB SWEEP angle=65.00 pos=24.0994
2026-03-03T14:53:08.070 RX AB SWEEP angle=70.00 pos=26.7024
2026-03-03T14:53:08.576 RX AB SWEEP angle=75.00 pos=29.6687
2026-03-03T14:53:09.080 RX AB SWEEP angle=80.00 pos=33.0456
2026-03-03T14:53:09.081 RX AB OK sweep_complete
2026-03-03T14:53:09.283 RX LOG/201.849 [WARNING]: Bottom limit switch pressed, stopping motor at position 32.92 (79.80 deg)
2026-03-03T14:53:16.572 TX AB/SWEEP 0.1
2026-03-03T14:53:16.574 RX AB OK sweep_started step=5.0 max=80.0 dwell_s=0.100
2026-03-03T14:53:16.682 RX AB SWEEP angle=5.00 pos=4.0649
2026-03-03T14:53:16.774 RX AB SWEEP angle=10.00 pos=5.9808
2026-03-03T14:53:16.891 RX AB SWEEP angle=15.00 pos=7.6949
2026-03-03T14:53:16.972 RX AB SWEEP angle=20.00 pos=9.2544
2026-03-03T14:53:17.107 RX AB SWEEP angle=25.00 pos=10.7063
2026-03-03T14:53:17.172 RX AB SWEEP angle=30.00 pos=12.0976
2026-03-03T14:53:17.273 RX AB SWEEP angle=35.00 pos=13.4755
2026-03-03T14:53:17.373 RX AB SWEEP angle=40.00 pos=14.8872
2026-03-03T14:53:17.473 RX AB SWEEP angle=45.00 pos=16.3797
2026-03-03T14:53:17.573 RX AB SWEEP angle=50.00 pos=18.0000
2026-03-03T14:53:17.674 RX AB SWEEP angle=55.00 pos=19.7953
2026-03-03T14:53:17.773 RX AB SWEEP angle=60.00 pos=21.8128
2026-03-03T14:53:17.873 RX AB SWEEP angle=65.00 pos=24.0994
2026-03-03T14:53:17.973 RX AB SWEEP angle=70.00 pos=26.7024
2026-03-03T14:53:18.073 RX AB SWEEP angle=75.00 pos=29.6687
2026-03-03T14:53:18.172 RX AB SWEEP angle=80.00 pos=33.0456
2026-03-03T14:53:18.173 RX AB OK sweep_complete
2026-03-03T14:53:18.368 RX LOG/210.935 [WARNING]: Bottom limit switch pressed, stopping motor at position 32.90 (79.80 deg)
2026-03-03T14:53:25.200 TX AB/ANGLE 0
2026-03-03T14:53:25.203 RX AB OK angle=0.00 pos=0.0000 sweep_stopped=0
2026-03-03T14:53:27.549 TX AB/SWEEP 0.1
2026-03-03T14:53:27.550 RX AB OK sweep_started step=5.0 max=80.0 dwell_s=0.100
2026-03-03T14:53:27.650 RX AB SWEEP angle=5.00 pos=4.0649
2026-03-03T14:53:27.749 RX AB SWEEP angle=10.00 pos=5.9808
2026-03-03T14:53:27.850 RX AB SWEEP angle=15.00 pos=7.6949
2026-03-03T14:53:27.963 RX AB SWEEP angle=20.00 pos=9.2544
2026-03-03T14:53:28.050 RX AB SWEEP angle=25.00 pos=10.7063
2026-03-03T14:53:28.162 RX AB SWEEP angle=30.00 pos=12.0976
2026-03-03T14:53:28.250 RX AB SWEEP angle=35.00 pos=13.4755
2026-03-03T14:53:28.358 RX AB SWEEP angle=40.00 pos=14.8872
2026-03-03T14:53:28.450 RX AB SWEEP angle=45.00 pos=16.3797
2026-03-03T14:53:28.563 RX AB SWEEP angle=50.00 pos=18.0000
2026-03-03T14:53:28.650 RX AB SWEEP angle=55.00 pos=19.7953
2026-03-03T14:53:28.766 RX AB SWEEP angle=60.00 pos=21.8128
2026-03-03T14:53:28.849 RX AB SWEEP angle=65.00 pos=24.0994
2026-03-03T14:53:28.975 RX AB SWEEP angle=70.00 pos=26.7024
2026-03-03T14:53:29.049 RX AB SWEEP angle=75.00 pos=29.6687
2026-03-03T14:53:29.170 RX AB SWEEP angle=80.00 pos=33.0456
2026-03-03T14:53:29.171 RX AB OK sweep_complete
2026-03-03T14:53:29.399 RX LOG/221.940 [WARNING]: Bottom limit switch pressed, stopping motor at position 32.94 (79.88 deg)
2026-03-03T14:53:32.169 TX AB/ANGLE 10
2026-03-03T14:53:32.172 RX AB OK angle=10.00 pos=5.9808 sweep_stopped=0
2026-03-03T14:53:35.271 TX AB/ANGLE 80
2026-03-03T14:53:35.273 RX AB OK angle=80.00 pos=33.0456 sweep_stopped=0
2026-03-03T14:53:36.037 RX LOG/228.603 [WARNING]: Bottom limit switch pressed, stopping motor at position 32.97 (79.88 deg)
2026-03-03T14:53:38.089 TX AB/ANGLE 0
2026-03-03T14:53:38.092 RX AB OK angle=0.00 pos=0.0000 sweep_stopped=0
2026-03-03T14:56:26.945 TX AB/SWEEP 2
2026-03-03T14:56:26.948 RX AB OK sweep_started step=5.0 max=80.0 dwell_s=2.000
2026-03-03T14:56:28.947 RX AB SWEEP angle=5.00 pos=4.0649
2026-03-03T14:56:30.960 RX AB SWEEP angle=10.00 pos=5.9808
2026-03-03T14:56:32.947 RX AB SWEEP angle=15.00 pos=7.6949
2026-03-03T14:56:34.948 RX AB SWEEP angle=20.00 pos=9.2544
2026-03-03T14:56:36.947 RX AB SWEEP angle=25.00 pos=10.7063
2026-03-03T14:56:38.949 RX AB SWEEP angle=30.00 pos=12.0976
2026-03-03T14:56:40.946 RX AB SWEEP angle=35.00 pos=13.4755
2026-03-03T14:56:42.948 RX AB SWEEP angle=40.00 pos=14.8872
2026-03-03T14:56:44.967 RX AB SWEEP angle=45.00 pos=16.3797
2026-03-03T14:56:46.946 RX AB SWEEP angle=50.00 pos=18.0000
2026-03-03T14:56:48.946 RX AB SWEEP angle=55.00 pos=19.7953
2026-03-03T14:56:50.947 RX AB SWEEP angle=60.00 pos=21.8128
2026-03-03T14:56:52.947 RX AB SWEEP angle=65.00 pos=24.0994
2026-03-03T14:56:54.947 RX AB SWEEP angle=70.00 pos=26.7024
