Signal handlers installed
SITL: Attempting to connect to simulator at localhost:5555...
SITL: Connected to localhost:5555
SITL: Connection closed by simulator
Signal handlers installed
Signal handlers installed
Signal handlers installed
SITL: Attempting to connect to simulator at localhost:5555...
SITL: Connected to localhost:5555
2.595 [WARNING]: Baro 'ErrorCorrectedBaro' became unhealthy: stuck readings detected
6.439 [WARNING]: Baro 'ErrorCorrectedBaro' became unhealthy: stuck readings detected
Signal handlers installed
SITL: Attempting to connect to simulator at localhost:5555...
SITL: Connected to localhost:5555
2.480 [WARNING]: Baro 'ErrorCorrectedBaro' became unhealthy: stuck readings detected
Signal handlers installed
SITL: Attempting to connect to simulator at localhost:5555...
SITL: Connected to localhost:5555
DEBUG RocketState: High accel detected! Starting timer...
SITL: Connection closed by simulator
Signal handlers installed
SITL: Attempting to connect to simulator at localhost:5555...
SITL: Connected to localhost:5555
2.414 [WARNING]: Baro 'ErrorCorrectedBaro' became unhealthy: stuck readings detected
6.477 [WARNING]: Baro 'ErrorCorrectedBaro' became unhealthy: stuck readings detected
6.521 [WARNING]: Baro 'ErrorCorrectedBaro' became unhealthy: stuck readings detected
Signal handlers installed
SITL: Attempting to connect to simulator at localhost:5555...
SITL: Connected to localhost:5555
2.440 [WARNING]: Baro 'ErrorCorrectedBaro' became unhealthy: stuck readings detected
6.420 [WARNING]: Baro 'ErrorCorrectedBaro' became unhealthy: stuck readings detected
6.463 [WARNING]: Baro 'ErrorCorrectedBaro' became unhealthy: stuck readings detected
DEBUG RocketState: High accel detected! Starting timer...
SITL: Connection closed by simulator
Signal handlers installed
Signal handlers installed
SITL: Attempting to connect to simulator at localhost:5555...
SITL: Connected to localhost:5555
Signal handlers installed
SITL: Attempting to connect to simulator at localhost:5555...
SITL: Connected to localhost:5555
2.661 [WARNING]: Baro 'ErrorCorrectedBaro' became unhealthy: stuck readings detected
7.390 [WARNING]: Baro 'ErrorCorrectedBaro' became unhealthy: stuck readings detected
7.416 [WARNING]: Baro 'ErrorCorrectedBaro' became unhealthy: stuck readings detected
Signal handlers installed
SITL: Attempting to connect to simulator at localhost:5555...
SITL: Connected to localhost:5555
2.779 [WARNING]: Baro 'ErrorCorrectedBaro' became unhealthy: stuck readings detected
7.144 [WARNING]: Baro 'ErrorCorrectedBaro' became unhealthy: stuck readings detected
7.162 [WARNING]: Baro 'ErrorCorrectedBaro' became unhealthy: stuck readings detected
Signal handlers installed
SITL: Attempting to connect to simulator at localhost:5555...
SITL: Connected to localhost:5555
2.678 [WARNING]: Baro 'ErrorCorrectedBaro' became unhealthy: stuck readings detected
6.783 [WARNING]: Baro 'ErrorCorrectedBaro' became unhealthy: stuck readings detected
6.800 [WARNING]: Baro 'ErrorCorrectedBaro' became unhealthy: stuck readings detected
Signal handlers installed
SITL: Attempting to connect to simulator at localhost:5555...
SITL: Connected to localhost:5555
2.560 [WARNING]: Baro 'ErrorCorrectedBaro' became unhealthy: stuck readings detected
6.057 [WARNING]: Baro 'ErrorCorrectedBaro' became unhealthy: stuck readings detected
6.067 [WARNING]: Baro 'ErrorCorrectedBaro' became unhealthy: stuck readings detected
Signal handlers installed
SITL: Attempting to connect to simulator at localhost:5555...
SITL: Connected to localhost:5555
2.617 [WARNING]: Baro 'ErrorCorrectedBaro' became unhealthy: stuck readings detected
Signal handlers installed
SITL: Attempting to connect to simulator at localhost:5555...
SITL: Connected to localhost:5555
2.537 [WARNING]: Baro 'ErrorCorrectedBaro' became unhealthy: stuck readings detected
6.411 [WARNING]: Baro 'ErrorCorrectedBaro' became unhealthy: stuck readings detected
6.458 [WARNING]: Baro 'ErrorCorrectedBaro' became unhealthy: stuck readings detected
Signal handlers installed
SITL: Attempting to connect to simulator at localhost:5555...
SITL: Connected to localhost:5555
6.419 [WARNING]: Baro 'ErrorCorrectedBaro' became unhealthy: stuck readings detected
Signal handlers installed
SITL: Attempting to connect to simulator at localhost:5555...
SITL: Connected to localhost:5555
6.587 [WARNING]: Baro 'ErrorCorrectedBaro' became unhealthy: stuck readings detected
6.627 [WARNING]: Baro 'ErrorCorrectedBaro' became unhealthy: stuck readings detected
Signal handlers installed
SITL: Attempting to connect to simulator at localhost:5555...
SITL: Connected to localhost:5555
2.691 [WARNING]: Baro 'ErrorCorrectedBaro' became unhealthy: stuck readings detected
7.017 [WARNING]: Baro 'ErrorCorrectedBaro' became unhealthy: stuck readings detected
Signal handlers installed
SITL: Attempting to connect to simulator at localhost:5555...
SITL: Connected to localhost:5555
2.600 [WARNING]: Baro 'ErrorCorrectedBaro' became unhealthy: stuck readings detected
Signal handlers installed
SITL: Attempting to connect to simulator at localhost:5555...
SITL: Connected to localhost:5555
2.559 [WARNING]: Baro 'ErrorCorrectedBaro' became unhealthy: stuck readings detected
Signal handlers installed
SITL: Attempting to connect to simulator at localhost:5555...
SITL: Connected to localhost:5555
5.903 [WARNING]: Baro 'ErrorCorrectedBaro' became unhealthy: stuck readings detected
5.922 [WARNING]: Baro 'ErrorCorrectedBaro' became unhealthy: stuck readings detected
Signal handlers installed
SITL: Attempting to connect to simulator at localhost:5555...
SITL: Connected to localhost:5555
2.385 [WARNING]: Baro 'ErrorCorrectedBaro' became unhealthy: stuck readings detected
5.776 [WARNING]: Baro 'ErrorCorrectedBaro' became unhealthy: stuck readings detected
5.808 [WARNING]: Baro 'ErrorCorrectedBaro' became unhealthy: stuck readings detected
Signal handlers installed
SITL: Attempting to connect to simulator at localhost:5555...
SITL: Connected to localhost:5555
2.293 [WARNING]: Baro 'ErrorCorrectedBaro' became unhealthy: stuck readings detected
5.550 [WARNING]: Baro 'ErrorCorrectedBaro' became unhealthy: stuck readings detected
5.560 [WARNING]: Baro 'ErrorCorrectedBaro' became unhealthy: stuck readings detected
DEBUG RocketState: High accel detected! Starting timer...
SITL: Connection closed by simulator
Signal handlers installed
SITL: Attempting to connect to simulator at localhost:5555...
SITL: Connected to localhost:5555
2.181 [WARNING]: Baro 'ErrorCorrectedBaro' became unhealthy: stuck readings detected
4.964 [WARNING]: Baro 'ErrorCorrectedBaro' became unhealthy: stuck readings detected
Signal handlers installed
SITL: Attempting to connect to simulator at localhost:5555...
SITL: Connected to localhost:5555
Signal handlers installed
SITL: Attempting to connect to simulator at localhost:5555...
SITL: Connected to localhost:5555
4.789 [WARNING]: Baro 'ErrorCorrectedBaro' became unhealthy: stuck readings detected
Signal handlers installed
SITL: Attempting to connect to simulator at localhost:5555...
SITL: Connected to localhost:5555
2.615 [WARNING]: Baro 'ErrorCorrectedBaro' became unhealthy: stuck readings detected
6.838 [WARNING]: Baro 'ErrorCorrectedBaro' became unhealthy: stuck readings detected
6.867 [WARNING]: Baro 'ErrorCorrectedBaro' became unhealthy: stuck readings detected
Signal handlers installed
SITL: Attempting to connect to simulator at localhost:5555...
SITL: Connected to localhost:5555
2.516 [WARNING]: Baro 'ErrorCorrectedBaro' became unhealthy: stuck readings detected
6.597 [WARNING]: Baro 'ErrorCorrectedBaro' became unhealthy: stuck readings detected
6.621 [WARNING]: Baro 'ErrorCorrectedBaro' became unhealthy: stuck readings detected
Signal handlers installed
SITL: Attempting to connect to simulator at localhost:5555...
SITL: Connected to localhost:5555
2.538 [WARNING]: Baro 'ErrorCorrectedBaro' became unhealthy: stuck readings detected
6.491 [WARNING]: Baro 'ErrorCorrectedBaro' became unhealthy: stuck readings detected
6.518 [WARNING]: Baro 'ErrorCorrectedBaro' became unhealthy: stuck readings detected
Signal handlers installed
SITL: Attempting to connect to simulator at localhost:5555...
SITL: Connected to localhost:5555
2.376 [WARNING]: Baro 'ErrorCorrectedBaro' became unhealthy: stuck readings detected
6.067 [WARNING]: Baro 'ErrorCorrectedBaro' became unhealthy: stuck readings detected
6.090 [WARNING]: Baro 'ErrorCorrectedBaro' became unhealthy: stuck readings detected
DEBUG RocketState: High accel detected! Starting timer...
SITL: Connection closed by simulator
Signal handlers installed
SITL: Attempting to connect to simulator at localhost:5555...
SITL: Connected to localhost:5555
2.302 [WARNING]: Baro 'ErrorCorrectedBaro' became unhealthy: stuck readings detected
5.893 [WARNING]: Baro 'ErrorCorrectedBaro' became unhealthy: stuck readings detected
5.905 [WARNING]: Baro 'ErrorCorrectedBaro' became unhealthy: stuck readings detected
DEBUG RocketState: High accel detected! Starting timer...
SITL: Connection closed by simulator
Signal handlers installed
SITL: Attempting to connect to simulator at localhost:5555...
SITL: Connected to localhost:5555
2.339 [WARNING]: Baro 'ErrorCorrectedBaro' became unhealthy: stuck readings detected
Signal handlers installed
SITL: Attempting to connect to simulator at localhost:5555...
SITL: Connected to localhost:5555
2.341 [WARNING]: Baro 'ErrorCorrectedBaro' became unhealthy: stuck readings detected
6.112 [WARNING]: Baro 'ErrorCorrectedBaro' became unhealthy: stuck readings detected
6.143 [WARNING]: Baro 'ErrorCorrectedBaro' became unhealthy: stuck readings detected
Signal handlers installed
SITL: Attempting to connect to simulator at localhost:5555...
SITL: Connected to localhost:5555
2.352 [WARNING]: Baro 'ErrorCorrectedBaro' became unhealthy: stuck readings detected
6.079 [WARNING]: Baro 'ErrorCorrectedBaro' became unhealthy: stuck readings detected
6.103 [WARNING]: Baro 'ErrorCorrectedBaro' became unhealthy: stuck readings detected
DEBUG RocketState: High accel detected! Starting timer...
SITL: Connection closed by simulator
Signal handlers installed
SITL: Attempting to connect to simulator at localhost:5555...
SITL: Connected to localhost:5555
2.345 [WARNING]: Baro 'ErrorCorrectedBaro' became unhealthy: stuck readings detected
6.086 [WARNING]: Baro 'ErrorCorrectedBaro' became unhealthy: stuck readings detected
6.109 [WARNING]: Baro 'ErrorCorrectedBaro' became unhealthy: stuck readings detected
Signal handlers installed
SITL: Attempting to connect to simulator at localhost:5555...
SITL: Connected to localhost:5555
2.383 [WARNING]: Baro 'ErrorCorrectedBaro' became unhealthy: stuck readings detected
6.145 [WARNING]: Baro 'ErrorCorrectedBaro' became unhealthy: stuck readings detected
6.168 [WARNING]: Baro 'ErrorCorrectedBaro' became unhealthy: stuck readings detected
DEBUG RocketState: High accel detected! Starting timer...
SITL: Connection closed by simulator
Signal handlers installed
SITL: Attempting to connect to simulator at localhost:5555...
SITL: Connected to localhost:5555
5.937 [WARNING]: Baro 'ErrorCorrectedBaro' became unhealthy: stuck readings detected
DEBUG RocketState: High accel detected! Starting timer...
SITL: Connection closed by simulator
Signal handlers installed
SITL: Attempting to connect to simulator at localhost:5555...
SITL: Connected to localhost:5555
2.442 [WARNING]: Baro 'ErrorCorrectedBaro' became unhealthy: stuck readings detected
Signal handlers installed
SITL: Attempting to connect to simulator at localhost:5555...
SITL: Connected to localhost:5555
2.345 [WARNING]: Baro 'ErrorCorrectedBaro' became unhealthy: stuck readings detected
6.155 [WARNING]: Baro 'ErrorCorrectedBaro' became unhealthy: stuck readings detected
Signal handlers installed
SITL: Attempting to connect to simulator at localhost:5555...
SITL: Connected to localhost:5555
2.389 [WARNING]: Baro 'ErrorCorrectedBaro' became unhealthy: stuck readings detected
6.073 [WARNING]: Baro 'ErrorCorrectedBaro' became unhealthy: stuck readings detected
6.097 [WARNING]: Baro 'ErrorCorrectedBaro' became unhealthy: stuck readings detected
Signal handlers installed
SITL: Attempting to connect to simulator at localhost:5555...
SITL: Connected to localhost:5555
2.362 [WARNING]: Baro 'ErrorCorrectedBaro' became unhealthy: stuck readings detected
6.044 [WARNING]: Baro 'ErrorCorrectedBaro' became unhealthy: stuck readings detected
6.068 [WARNING]: Baro 'ErrorCorrectedBaro' became unhealthy: stuck readings detected
DEBUG RocketState: High accel detected! Starting timer...
SITL: Connection closed by simulator
Signal handlers installed
SITL: Attempting to connect to simulator at localhost:5555...
SITL: Connected to localhost:5555
5.967 [WARNING]: Baro 'ErrorCorrectedBaro' became unhealthy: stuck readings detected
Signal handlers installed
SITL: Attempting to connect to simulator at localhost:5555...
SITL: Connected to localhost:5555
6.001 [WARNING]: Baro 'ErrorCorrectedBaro' became unhealthy: stuck readings detected
Signal handlers installed
SITL: Attempting to connect to simulator at localhost:5555...
SITL: Connected to localhost:5555
5.921 [WARNING]: Baro 'ErrorCorrectedBaro' became unhealthy: stuck readings detected
DEBUG RocketState: High accel detected! Starting timer...
SITL: Connection closed by simulator
Signal handlers installed
SITL: Attempting to connect to simulator at localhost:5555...
SITL: Connected to localhost:5555
2.443 [WARNING]: Baro 'ErrorCorrectedBaro' became unhealthy: stuck readings detected
Signal handlers installed
SITL: Attempting to connect to simulator at localhost:5555...
SITL: Connected to localhost:5555
2.430 [WARNING]: Baro 'ErrorCorrectedBaro' became unhealthy: stuck readings detected
6.308 [WARNING]: Baro 'ErrorCorrectedBaro' became unhealthy: stuck readings detected
Signal handlers installed
SITL: Attempting to connect to simulator at localhost:5555...
SITL: Connected to localhost:5555
DEBUG RocketState: High accel detected! Starting timer...
SITL: Connection closed by simulator
Signal handlers installed
SITL: Attempting to connect to simulator at localhost:5555...
SITL: Connected to localhost:5555
2.341 [WARNING]: Baro 'ErrorCorrectedBaro' became unhealthy: stuck readings detected
DEBUG RocketState: High accel detected! Starting timer...
SITL: Connection closed by simulator
Signal handlers installed
SITL: Attempting to connect to simulator at localhost:5555...
SITL: Connected to localhost:5555
5.859 [WARNING]: Baro 'ErrorCorrectedBaro' became unhealthy: stuck readings detected
Signal handlers installed
SITL: Attempting to connect to simulator at localhost:5555...
SITL: Connected to localhost:5555
2.319 [WARNING]: Baro 'ErrorCorrectedBaro' became unhealthy: stuck readings detected
DEBUG RocketState: High accel detected! Starting timer...
SITL: Connection closed by simulator
Signal handlers installed
SITL: Attempting to connect to simulator at localhost:5555...
SITL: Connected to localhost:5555
2.345 [WARNING]: Baro 'ErrorCorrectedBaro' became unhealthy: stuck readings detected
Signal handlers installed
SITL: Attempting to connect to simulator at localhost:5555...
SITL: Connected to localhost:5555
2.328 [WARNING]: Baro 'ErrorCorrectedBaro' became unhealthy: stuck readings detected
DEBUG RocketState: High accel detected! Starting timer...
SITL: Connection closed by simulator
Signal handlers installed
SITL: Attempting to connect to simulator at localhost:5555...
SITL: Connected to localhost:5555
6.106 [WARNING]: Baro 'ErrorCorrectedBaro' became unhealthy: stuck readings detected
DEBUG RocketState: High accel detected! Starting timer...
SITL: Connection closed by simulator
Signal handlers installed
SITL: Attempting to connect to simulator at localhost:5555...
SITL: Connected to localhost:5555
2.325 [WARNING]: Baro 'ErrorCorrectedBaro' became unhealthy: stuck readings detected
DEBUG RocketState: High accel detected! Starting timer...
SITL: Connection closed by simulator
Signal handlers installed
SITL: Attempting to connect to simulator at localhost:5555...
SITL: Connected to localhost:5555
2.326 [WARNING]: Baro 'ErrorCorrectedBaro' became unhealthy: stuck readings detected
DEBUG RocketState: High accel detected! Starting timer...
SITL: Connection closed by simulator
Signal handlers installed
SITL: Attempting to connect to simulator at localhost:5555...
SITL: Connected to localhost:5555
2.336 [WARNING]: Baro 'ErrorCorrectedBaro' became unhealthy: stuck readings detected
Signal handlers installed
Signal handlers installed
SITL: Attempting to connect to simulator at localhost:5555...
SITL: Connected to localhost:5555
2.313 [WARNING]: Baro 'ErrorCorrectedBaro' became unhealthy: stuck readings detected
5.854 [WARNING]: Baro 'ErrorCorrectedBaro' became unhealthy: stuck readings detected
5.874 [WARNING]: Baro 'ErrorCorrectedBaro' became unhealthy: stuck readings detected
Signal handlers installed
SITL: Attempting to connect to simulator at localhost:5555...
SITL: Connected to localhost:5555
DEBUG RocketState: High accel detected! Starting timer...
SITL: Connection closed by simulator
Signal handlers installed
SITL: Attempting to connect to simulator at localhost:5555...
SITL: Connected to localhost:5555
2.323 [WARNING]: Baro 'ErrorCorrectedBaro' became unhealthy: stuck readings detected
5.946 [WARNING]: Baro 'ErrorCorrectedBaro' became unhealthy: stuck readings detected
5.965 [WARNING]: Baro 'ErrorCorrectedBaro' became unhealthy: stuck readings detected
DEBUG RocketState: High accel detected! Starting timer...
SITL: Connection closed by simulator
Signal handlers installed
SITL: Attempting to connect to simulator at localhost:5555...
SITL: Connected to localhost:5555
2.347 [WARNING]: Baro 'ErrorCorrectedBaro' became unhealthy: stuck readings detected
5.965 [WARNING]: Baro 'ErrorCorrectedBaro' became unhealthy: stuck readings detected
5.981 [WARNING]: Baro 'ErrorCorrectedBaro' became unhealthy: stuck readings detected
Signal handlers installed
SITL: Attempting to connect to simulator at localhost:5555...
SITL: Connected to localhost:5555
2.470 [WARNING]: Baro 'ErrorCorrectedBaro' became unhealthy: stuck readings detected
6.231 [WARNING]: Baro 'ErrorCorrectedBaro' became unhealthy: stuck readings detected
6.247 [WARNING]: Baro 'ErrorCorrectedBaro' became unhealthy: stuck readings detected
DEBUG RocketState: High accel detected! Starting timer...
SITL: Connection closed by simulator
Signal handlers installed
SITL: Attempting to connect to simulator at localhost:5555...
SITL: Connected to localhost:5555
2.351 [WARNING]: Baro 'ErrorCorrectedBaro' became unhealthy: stuck readings detected
6.066 [WARNING]: Baro 'ErrorCorrectedBaro' became unhealthy: stuck readings detected
DEBUG RocketState: High accel detected! Starting timer...
SITL: Connection closed by simulator
Signal handlers installed
SITL: Attempting to connect to simulator at localhost:5555...
SITL: Connected to localhost:5555
2.351 [WARNING]: Baro 'ErrorCorrectedBaro' became unhealthy: stuck readings detected
6.003 [WARNING]: Baro 'ErrorCorrectedBaro' became unhealthy: stuck readings detected
Signal handlers installed
SITL: Attempting to connect to simulator at localhost:5555...
SITL: Connected to localhost:5555
2.328 [WARNING]: Baro 'ErrorCorrectedBaro' became unhealthy: stuck readings detected
5.997 [WARNING]: Baro 'ErrorCorrectedBaro' became unhealthy: stuck readings detected
DEBUG RocketState: High accel detected! Starting timer...
SITL: Connection closed by simulator
Signal handlers installed
SITL: Attempting to connect to simulator at localhost:5555...
SITL: Connected to localhost:5555
2.375 [WARNING]: Baro 'ErrorCorrectedBaro' became unhealthy: stuck readings detected
5.996 [WARNING]: Baro 'ErrorCorrectedBaro' became unhealthy: stuck readings detected
DEBUG RocketState: High accel detected! Starting timer...
SITL: Connection closed by simulator
Signal handlers installed
Signal handlers installed
SITL: Attempting to connect to simulator at localhost:5555...
SITL: Connected to localhost:5555
Signal handlers installed
Signal handlers installed
Signal handlers installed
Signal handlers installed
Signal handlers installed
Signal handlers installed
Signal handlers installed
Signal handlers installed
SITL: Attempting to connect to simulator at localhost:5555...
SITL: Connected to localhost:5555
DEBUG RocketState: High accel detected! Starting timer...
SITL: Connection closed by simulator
Signal handlers installed
SITL: Attempting to connect to simulator at localhost:5555...
SITL: Connected to localhost:5555
Signal handlers installed
SITL: Attempting to connect to simulator at localhost:5555...
SITL: Connected to localhost:5555
DEBUG RocketState: High accel detected! Starting timer...
SITL: Send error: 10054
Signal handlers installed
SITL: Attempting to connect to simulator at localhost:5555...
SITL: Connected to localhost:5555
DEBUG RocketState: High accel detected! Starting timer...
SITL: Send error: 10054
test\test_airbrake_suite\test_airbrake_suite.cpp:128:test_begin_fails_without_inner_barometer:PASS
test\test_airbrake_suite\test_airbrake_suite.cpp:129:test_set_inner_barometer_disables_inner_auto_update:PASS
test\test_airbrake_suite\test_airbrake_suite.cpp:130:test_update_propagates_inner_sensor_readings:PASS
test\test_airbrake_suite\test_airbrake_suite.cpp:131:test_update_propagates_inner_sensor_error:PASS
test\test_airbrake_suite\test_airbrake_suite.cpp:132:test_correction_disabled_forces_zero_delta:PASS
test\test_airbrake_suite\test_airbrake_suite.cpp:133:test_correction_uses_first_order_filter:PASS
test\test_airbrake_suite\test_airbrake_suite.cpp:134:test_correction_clamps_angle_to_max_limit:PASS
test\test_airbrake_suite\test_airbrake_suite.cpp:244:test_begin_requires_motor_and_state:PASS
test\test_airbrake_suite\test_airbrake_suite.cpp:245:test_enable_disable_state_tracking:PASS
test\test_airbrake_suite\test_airbrake_suite.cpp:246:test_update_when_disabled_returns_error_and_clears_baro_inputs:PASS
test\test_airbrake_suite\test_airbrake_suite.cpp:247:test_update_when_motor_uninitialized_returns_error:PASS
test\test_airbrake_suite\test_airbrake_suite.cpp:248:test_update_with_zero_speed_sets_predicted_apogee_to_altitude:PASS
test\test_airbrake_suite\test_airbrake_suite.cpp:249:test_update_in_coast_computes_dynamic_pressure:PASS
test\test_airbrake_suite\test_airbrake_suite.cpp:250:test_install_baro_wrapper_behavior:PASS
test\test_airbrake_suite\test_airbrake_suite.cpp:59:test_motor_moves_toward_target_with_rate_limit:PASS
test\test_airbrake_suite\test_airbrake_suite.cpp:60:test_motor_reports_target_angle_and_can_retract:PASS

-----------------------
16 Tests 0 Failures 0 Ignored 
OK
Signal handlers installed
Signal handlers installed
Signal handlers installed
Signal handlers installed
Signal handlers installed
SITL: Attempting to connect to simulator at localhost:5555...
SITL: Connected to localhost:5555
DEBUG RocketState: High accel detected! Starting timer...
SITL: Connection closed by simulator
Signal handlers installed
SITL: Attempting to connect to simulator at localhost:5555...
SITL: Connected to localhost:5555
